go test ./generator -coverprofile=coverage.out
ok  	github.com/artem-kuznetsov-intellectsoft/openapi2go/generator	(cached)	coverage: 93.2% of statements
go tool cover -func=coverage.out
github.com/artem-kuznetsov-intellectsoft/openapi2go/generator/client.go:34:	registerClientMethod		100.0%
github.com/artem-kuznetsov-intellectsoft/openapi2go/generator/client.go:45:	renderClient			100.0%
github.com/artem-kuznetsov-intellectsoft/openapi2go/generator/client.go:93:	clientImports			100.0%
github.com/artem-kuznetsov-intellectsoft/openapi2go/generator/client.go:120:	paramsFields			100.0%
github.com/artem-kuznetsov-intellectsoft/openapi2go/generator/client.go:131:	clientErrRet			60.0%
github.com/artem-kuznetsov-intellectsoft/openapi2go/generator/client.go:144:	renderClientMethod		100.0%
github.com/artem-kuznetsov-intellectsoft/openapi2go/generator/client.go:157:	renderMethodSignature		90.0%
github.com/artem-kuznetsov-intellectsoft/openapi2go/generator/client.go:179:	renderRequestBuildAndSend	100.0%
github.com/artem-kuznetsov-intellectsoft/openapi2go/generator/client.go:209:	renderResponseHandling		81.8%
github.com/artem-kuznetsov-intellectsoft/openapi2go/generator/client.go:236:	renderErrorCase			100.0%
github.com/artem-kuznetsov-intellectsoft/openapi2go/generator/client.go:255:	renderRequestURL		100.0%
github.com/artem-kuznetsov-intellectsoft/openapi2go/generator/client.go:284:	renderHeaderParams		66.7%
github.com/artem-kuznetsov-intellectsoft/openapi2go/generator/client.go:295:	renderOptionalValueSet		100.0%
github.com/artem-kuznetsov-intellectsoft/openapi2go/generator/client.go:309:	formatPathTemplate		83.3%
github.com/artem-kuznetsov-intellectsoft/openapi2go/generator/client.go:342:	httpMethodLabel			100.0%
github.com/artem-kuznetsov-intellectsoft/openapi2go/generator/generator.go:81:	markGenerated			100.0%
github.com/artem-kuznetsov-intellectsoft/openapi2go/generator/generator.go:91:	addStruct			100.0%
github.com/artem-kuznetsov-intellectsoft/openapi2go/generator/generator.go:107:	Generate			84.6%
github.com/artem-kuznetsov-intellectsoft/openapi2go/generator/generator.go:141:	loadComponents			75.0%
github.com/artem-kuznetsov-intellectsoft/openapi2go/generator/generator.go:163:	formatClientCode		85.7%
github.com/artem-kuznetsov-intellectsoft/openapi2go/generator/generator.go:181:	supportFiles			100.0%
github.com/artem-kuznetsov-intellectsoft/openapi2go/generator/generator.go:213:	walkPaths			85.7%
github.com/artem-kuznetsov-intellectsoft/openapi2go/generator/generator.go:244:	walkOperation			100.0%
github.com/artem-kuznetsov-intellectsoft/openapi2go/generator/generator.go:268:	registerOperationRequestBody	87.5%
github.com/artem-kuznetsov-intellectsoft/openapi2go/generator/generator.go:299:	walkOperationResponses		92.3%
github.com/artem-kuznetsov-intellectsoft/openapi2go/generator/generator.go:327:	registerOperationResponse	90.9%
github.com/artem-kuznetsov-intellectsoft/openapi2go/generator/generator.go:357:	registerInlineResponse		85.7%
github.com/artem-kuznetsov-intellectsoft/openapi2go/generator/generator.go:378:	registerParamsStruct		84.2%
github.com/artem-kuznetsov-intellectsoft/openapi2go/generator/generator.go:423:	resolveParameter		60.0%
github.com/artem-kuznetsov-intellectsoft/openapi2go/generator/generator.go:441:	buildParamField			100.0%
github.com/artem-kuznetsov-intellectsoft/openapi2go/generator/generator.go:468:	registerErrorResponse		100.0%
github.com/artem-kuznetsov-intellectsoft/openapi2go/generator/generator.go:481:	registerNoContentErrorResponse	80.0%
github.com/artem-kuznetsov-intellectsoft/openapi2go/generator/generator.go:494:	firstJSONSchema			100.0%
github.com/artem-kuznetsov-intellectsoft/openapi2go/generator/generator.go:508:	resolveNamedType		100.0%
github.com/artem-kuznetsov-intellectsoft/openapi2go/generator/generator.go:543:	flushPendingInline		100.0%
github.com/artem-kuznetsov-intellectsoft/openapi2go/generator/generator.go:555:	discriminatedAlias		100.0%
github.com/artem-kuznetsov-intellectsoft/openapi2go/generator/generator.go:580:	buildFields			100.0%
github.com/artem-kuznetsov-intellectsoft/openapi2go/generator/generator.go:595:	collectInlineProperties		100.0%
github.com/artem-kuznetsov-intellectsoft/openapi2go/generator/generator.go:612:	buildField			100.0%
github.com/artem-kuznetsov-intellectsoft/openapi2go/generator/generator.go:651:	resolveRefOrType		100.0%
github.com/artem-kuznetsov-intellectsoft/openapi2go/generator/generator.go:659:	resolveSchemaType		92.3%
github.com/artem-kuznetsov-intellectsoft/openapi2go/generator/generator.go:690:	resolveScalarSchemaType		90.0%
github.com/artem-kuznetsov-intellectsoft/openapi2go/generator/generator.go:718:	resolveNumericSchemaType	100.0%
github.com/artem-kuznetsov-intellectsoft/openapi2go/generator/generator.go:731:	resolveObjectSchemaType		100.0%
github.com/artem-kuznetsov-intellectsoft/openapi2go/generator/generator.go:745:	resolveStringSchemaType		100.0%
github.com/artem-kuznetsov-intellectsoft/openapi2go/generator/generator.go:772:	resolveArrayItemType		100.0%
github.com/artem-kuznetsov-intellectsoft/openapi2go/generator/generator.go:788:	resolveInlineObjectType		75.0%
github.com/artem-kuznetsov-intellectsoft/openapi2go/generator/generator.go:798:	registerEnum			87.5%
github.com/artem-kuznetsov-intellectsoft/openapi2go/generator/generator.go:813:	render				100.0%
github.com/artem-kuznetsov-intellectsoft/openapi2go/generator/generator.go:829:	renderEnum			100.0%
github.com/artem-kuznetsov-intellectsoft/openapi2go/generator/generator.go:843:	renderStruct			100.0%
github.com/artem-kuznetsov-intellectsoft/openapi2go/generator/generator.go:866:	renderField			100.0%
github.com/artem-kuznetsov-intellectsoft/openapi2go/generator/generator.go:880:	unwrapRef			87.5%
github.com/artem-kuznetsov-intellectsoft/openapi2go/generator/generator.go:897:	lastPathSegment			66.7%
github.com/artem-kuznetsov-intellectsoft/openapi2go/generator/generator.go:905:	isPointerable			100.0%
github.com/artem-kuznetsov-intellectsoft/openapi2go/generator/generator.go:911:	toPascalCase			100.0%
github.com/artem-kuznetsov-intellectsoft/openapi2go/generator/generator.go:936:	capitalizeFirst			80.0%
github.com/artem-kuznetsov-intellectsoft/openapi2go/generator/generator.go:950:	describeSentence		100.0%
github.com/artem-kuznetsov-intellectsoft/openapi2go/generator/generator.go:959:	toSet				100.0%
github.com/artem-kuznetsov-intellectsoft/openapi2go/generator/generator.go:968:	sortedKeys			100.0%
total:										(statements)			93.2%
