mode: set
github.com/artem-kuznetsov-intellectsoft/openapi2go/generator/client.go:34.62,35.25 1 1
github.com/artem-kuznetsov-intellectsoft/openapi2go/generator/client.go:35.25,37.3 1 1
github.com/artem-kuznetsov-intellectsoft/openapi2go/generator/client.go:39.2,39.46 1 1
github.com/artem-kuznetsov-intellectsoft/openapi2go/generator/client.go:45.57,46.31 1 1
github.com/artem-kuznetsov-intellectsoft/openapi2go/generator/client.go:46.31,48.3 1 1
github.com/artem-kuznetsov-intellectsoft/openapi2go/generator/client.go:50.2,57.15 5 1
github.com/artem-kuznetsov-intellectsoft/openapi2go/generator/client.go:57.15,59.3 1 1
github.com/artem-kuznetsov-intellectsoft/openapi2go/generator/client.go:60.2,61.14 2 1
github.com/artem-kuznetsov-intellectsoft/openapi2go/generator/client.go:61.14,63.3 1 1
github.com/artem-kuznetsov-intellectsoft/openapi2go/generator/client.go:64.2,67.13 4 1
github.com/artem-kuznetsov-intellectsoft/openapi2go/generator/client.go:67.13,69.3 1 1
github.com/artem-kuznetsov-intellectsoft/openapi2go/generator/client.go:70.2,82.36 10 1
github.com/artem-kuznetsov-intellectsoft/openapi2go/generator/client.go:82.36,84.3 1 1
github.com/artem-kuznetsov-intellectsoft/openapi2go/generator/client.go:86.2,86.19 1 1
github.com/artem-kuznetsov-intellectsoft/openapi2go/generator/client.go:93.56,96.36 2 1
github.com/artem-kuznetsov-intellectsoft/openapi2go/generator/client.go:96.36,97.26 1 1
github.com/artem-kuznetsov-intellectsoft/openapi2go/generator/client.go:97.26,100.4 2 1
github.com/artem-kuznetsov-intellectsoft/openapi2go/generator/client.go:102.3,102.27 1 1
github.com/artem-kuznetsov-intellectsoft/openapi2go/generator/client.go:102.27,104.4 1 1
github.com/artem-kuznetsov-intellectsoft/openapi2go/generator/client.go:106.3,106.30 1 1
github.com/artem-kuznetsov-intellectsoft/openapi2go/generator/client.go:106.30,108.4 1 1
github.com/artem-kuznetsov-intellectsoft/openapi2go/generator/client.go:110.3,110.50 1 1
github.com/artem-kuznetsov-intellectsoft/openapi2go/generator/client.go:110.50,112.4 1 1
github.com/artem-kuznetsov-intellectsoft/openapi2go/generator/client.go:115.2,115.37 1 1
github.com/artem-kuznetsov-intellectsoft/openapi2go/generator/client.go:120.64,121.22 1 1
github.com/artem-kuznetsov-intellectsoft/openapi2go/generator/client.go:121.22,123.3 1 1
github.com/artem-kuznetsov-intellectsoft/openapi2go/generator/client.go:125.2,125.41 1 1
github.com/artem-kuznetsov-intellectsoft/openapi2go/generator/client.go:131.53,132.13 1 1
github.com/artem-kuznetsov-intellectsoft/openapi2go/generator/client.go:132.13,133.35 1 1
github.com/artem-kuznetsov-intellectsoft/openapi2go/generator/client.go:133.35,133.60 1 1
github.com/artem-kuznetsov-intellectsoft/openapi2go/generator/client.go:136.2,136.34 1 0
github.com/artem-kuznetsov-intellectsoft/openapi2go/generator/client.go:136.34,136.49 1 0
github.com/artem-kuznetsov-intellectsoft/openapi2go/generator/client.go:144.80,153.2 6 1
github.com/artem-kuznetsov-intellectsoft/openapi2go/generator/client.go:157.97,163.24 4 1
github.com/artem-kuznetsov-intellectsoft/openapi2go/generator/client.go:163.24,165.3 1 1
github.com/artem-kuznetsov-intellectsoft/openapi2go/generator/client.go:166.2,166.25 1 1
github.com/artem-kuznetsov-intellectsoft/openapi2go/generator/client.go:166.25,168.3 1 1
github.com/artem-kuznetsov-intellectsoft/openapi2go/generator/client.go:170.2,170.13 1 1
github.com/artem-kuznetsov-intellectsoft/openapi2go/generator/client.go:170.13,172.3 1 1
github.com/artem-kuznetsov-intellectsoft/openapi2go/generator/client.go:172.8,174.3 1 0
github.com/artem-kuznetsov-intellectsoft/openapi2go/generator/client.go:179.115,180.25 1 1
github.com/artem-kuznetsov-intellectsoft/openapi2go/generator/client.go:180.25,183.3 2 1
github.com/artem-kuznetsov-intellectsoft/openapi2go/generator/client.go:185.2,188.25 3 1
github.com/artem-kuznetsov-intellectsoft/openapi2go/generator/client.go:188.25,190.3 1 1
github.com/artem-kuznetsov-intellectsoft/openapi2go/generator/client.go:191.2,195.25 4 1
github.com/artem-kuznetsov-intellectsoft/openapi2go/generator/client.go:195.25,197.3 1 1
github.com/artem-kuznetsov-intellectsoft/openapi2go/generator/client.go:199.2,203.68 4 1
github.com/artem-kuznetsov-intellectsoft/openapi2go/generator/client.go:214.3,215.23 1 1
github.com/artem-kuznetsov-intellectsoft/openapi2go/generator/client.go:215.23,217.30 2 1
github.com/artem-kuznetsov-intellectsoft/openapi2go/generator/client.go:217.30,219.4 1 1
github.com/artem-kuznetsov-intellectsoft/openapi2go/generator/client.go:220.3,220.25 1 1
github.com/artem-kuznetsov-intellectsoft/openapi2go/generator/client.go:223.2,223.14 1 1
github.com/artem-kuznetsov-intellectsoft/openapi2go/generator/client.go:223.14,226.3 2 0
github.com/artem-kuznetsov-intellectsoft/openapi2go/generator/client.go:228.2,230.38 3 1
github.com/artem-kuznetsov-intellectsoft/openapi2go/generator/client.go:236.103,239.18 2 1
github.com/artem-kuznetsov-intellectsoft/openapi2go/generator/client.go:239.18,242.3 2 1
github.com/artem-kuznetsov-intellectsoft/openapi2go/generator/client.go:244.2,247.50 4 1
github.com/artem-kuznetsov-intellectsoft/openapi2go/generator/client.go:255.78,259.25 3 1
github.com/artem-kuznetsov-intellectsoft/openapi2go/generator/client.go:259.25,261.3 1 1
github.com/artem-kuznetsov-intellectsoft/openapi2go/generator/client.go:262.2,265.49 3 1
github.com/artem-kuznetsov-intellectsoft/openapi2go/generator/client.go:265.49,266.22 1 1
github.com/artem-kuznetsov-intellectsoft/openapi2go/generator/client.go:266.22,268.4 1 1
github.com/artem-kuznetsov-intellectsoft/openapi2go/generator/client.go:271.2,271.26 1 1
github.com/artem-kuznetsov-intellectsoft/openapi2go/generator/client.go:271.26,273.33 2 1
github.com/artem-kuznetsov-intellectsoft/openapi2go/generator/client.go:273.33,275.4 1 1
github.com/artem-kuznetsov-intellectsoft/openapi2go/generator/client.go:276.3,276.70 1 1
github.com/artem-kuznetsov-intellectsoft/openapi2go/generator/client.go:279.2,279.21 1 1
github.com/artem-kuznetsov-intellectsoft/openapi2go/generator/client.go:284.80,285.49 1 1
github.com/artem-kuznetsov-intellectsoft/openapi2go/generator/client.go:285.49,286.23 1 1
github.com/artem-kuznetsov-intellectsoft/openapi2go/generator/client.go:286.23,288.4 1 0
github.com/artem-kuznetsov-intellectsoft/openapi2go/generator/client.go:295.80,296.35 1 1
github.com/artem-kuznetsov-intellectsoft/openapi2go/generator/client.go:296.35,301.3 2 1
github.com/artem-kuznetsov-intellectsoft/openapi2go/generator/client.go:303.2,303.84 1 1
github.com/artem-kuznetsov-intellectsoft/openapi2go/generator/client.go:309.57,315.29 4 1
github.com/artem-kuznetsov-intellectsoft/openapi2go/generator/client.go:315.29,316.21 1 1
github.com/artem-kuznetsov-intellectsoft/openapi2go/generator/client.go:316.21,320.12 3 1
github.com/artem-kuznetsov-intellectsoft/openapi2go/generator/client.go:323.3,324.16 2 1
github.com/artem-kuznetsov-intellectsoft/openapi2go/generator/client.go:324.16,328.12 3 0
github.com/artem-kuznetsov-intellectsoft/openapi2go/generator/client.go:331.3,334.15 4 1
github.com/artem-kuznetsov-intellectsoft/openapi2go/generator/client.go:337.2,337.27 1 1
github.com/artem-kuznetsov-intellectsoft/openapi2go/generator/client.go:342.48,344.2 1 1
github.com/artem-kuznetsov-intellectsoft/openapi2go/generator/generator.go:81.53,82.23 1 1
github.com/artem-kuznetsov-intellectsoft/openapi2go/generator/generator.go:82.23,84.3 1 1
github.com/artem-kuznetsov-intellectsoft/openapi2go/generator/generator.go:85.2,87.14 2 1
github.com/artem-kuznetsov-intellectsoft/openapi2go/generator/generator.go:91.47,94.2 2 1
github.com/artem-kuznetsov-intellectsoft/openapi2go/generator/generator.go:107.97,119.45 4 1
github.com/artem-kuznetsov-intellectsoft/openapi2go/generator/generator.go:119.45,121.3 1 1
github.com/artem-kuznetsov-intellectsoft/openapi2go/generator/generator.go:123.2,126.16 3 1
github.com/artem-kuznetsov-intellectsoft/openapi2go/generator/generator.go:126.16,128.3 1 0
github.com/artem-kuznetsov-intellectsoft/openapi2go/generator/generator.go:130.2,131.16 2 1
github.com/artem-kuznetsov-intellectsoft/openapi2go/generator/generator.go:131.16,133.3 1 0
github.com/artem-kuznetsov-intellectsoft/openapi2go/generator/generator.go:135.2,135.68 1 1
github.com/artem-kuznetsov-intellectsoft/openapi2go/generator/generator.go:141.68,142.23 1 1
github.com/artem-kuznetsov-intellectsoft/openapi2go/generator/generator.go:142.23,144.3 1 1
github.com/artem-kuznetsov-intellectsoft/openapi2go/generator/generator.go:146.2,146.44 1 1
github.com/artem-kuznetsov-intellectsoft/openapi2go/generator/generator.go:146.44,147.37 1 1
github.com/artem-kuznetsov-intellectsoft/openapi2go/generator/generator.go:147.37,149.4 1 1
github.com/artem-kuznetsov-intellectsoft/openapi2go/generator/generator.go:152.2,152.47 1 1
github.com/artem-kuznetsov-intellectsoft/openapi2go/generator/generator.go:152.47,153.37 1 0
github.com/artem-kuznetsov-intellectsoft/openapi2go/generator/generator.go:153.37,155.4 1 0
github.com/artem-kuznetsov-intellectsoft/openapi2go/generator/generator.go:163.78,165.15 2 1
github.com/artem-kuznetsov-intellectsoft/openapi2go/generator/generator.go:165.15,167.3 1 1
github.com/artem-kuznetsov-intellectsoft/openapi2go/generator/generator.go:169.2,170.16 2 1
github.com/artem-kuznetsov-intellectsoft/openapi2go/generator/generator.go:170.16,172.3 1 0
github.com/artem-kuznetsov-intellectsoft/openapi2go/generator/generator.go:174.2,174.41 1 1
github.com/artem-kuznetsov-intellectsoft/openapi2go/generator/generator.go:181.68,183.34 2 1
github.com/artem-kuznetsov-intellectsoft/openapi2go/generator/generator.go:183.34,185.3 1 1
github.com/artem-kuznetsov-intellectsoft/openapi2go/generator/generator.go:186.2,186.17 1 1
github.com/artem-kuznetsov-intellectsoft/openapi2go/generator/generator.go:186.17,188.3 1 1
github.com/artem-kuznetsov-intellectsoft/openapi2go/generator/generator.go:189.2,189.25 1 1
github.com/artem-kuznetsov-intellectsoft/openapi2go/generator/generator.go:189.25,191.3 1 1
github.com/artem-kuznetsov-intellectsoft/openapi2go/generator/generator.go:193.2,193.21 1 1
github.com/artem-kuznetsov-intellectsoft/openapi2go/generator/generator.go:193.21,195.3 1 1
github.com/artem-kuznetsov-intellectsoft/openapi2go/generator/generator.go:197.2,200.29 3 1
github.com/artem-kuznetsov-intellectsoft/openapi2go/generator/generator.go:200.29,202.3 1 1
github.com/artem-kuznetsov-intellectsoft/openapi2go/generator/generator.go:204.2,204.14 1 1
github.com/artem-kuznetsov-intellectsoft/openapi2go/generator/generator.go:213.52,214.41 1 1
github.com/artem-kuznetsov-intellectsoft/openapi2go/generator/generator.go:214.41,216.18 2 1
github.com/artem-kuznetsov-intellectsoft/openapi2go/generator/generator.go:216.18,217.12 1 0
github.com/artem-kuznetsov-intellectsoft/openapi2go/generator/generator.go:220.3,232.5 1 1
github.com/artem-kuznetsov-intellectsoft/openapi2go/generator/generator.go:232.5,233.20 1 1
github.com/artem-kuznetsov-intellectsoft/openapi2go/generator/generator.go:233.20,235.5 1 1
github.com/artem-kuznetsov-intellectsoft/openapi2go/generator/generator.go:248.3,263.2 4 1
github.com/artem-kuznetsov-intellectsoft/openapi2go/generator/generator.go:268.80,269.58 1 1
github.com/artem-kuznetsov-intellectsoft/openapi2go/generator/generator.go:269.58,271.3 1 1
github.com/artem-kuznetsov-intellectsoft/openapi2go/generator/generator.go:273.2,274.19 2 1
github.com/artem-kuznetsov-intellectsoft/openapi2go/generator/generator.go:274.19,276.3 1 0
github.com/artem-kuznetsov-intellectsoft/openapi2go/generator/generator.go:278.2,281.20 3 1
github.com/artem-kuznetsov-intellectsoft/openapi2go/generator/generator.go:299.94,303.48 3 1
github.com/artem-kuznetsov-intellectsoft/openapi2go/generator/generator.go:303.48,305.39 2 1
github.com/artem-kuznetsov-intellectsoft/openapi2go/generator/generator.go:305.39,306.12 1 0
github.com/artem-kuznetsov-intellectsoft/openapi2go/generator/generator.go:309.3,310.20 2 1
github.com/artem-kuznetsov-intellectsoft/openapi2go/generator/generator.go:310.20,312.12 2 1
github.com/artem-kuznetsov-intellectsoft/openapi2go/generator/generator.go:315.3,315.46 1 1
github.com/artem-kuznetsov-intellectsoft/openapi2go/generator/generator.go:315.46,317.4 1 1
github.com/artem-kuznetsov-intellectsoft/openapi2go/generator/generator.go:320.2,320.35 1 1
github.com/artem-kuznetsov-intellectsoft/openapi2go/generator/generator.go:327.110,330.78 2 1
github.com/artem-kuznetsov-intellectsoft/openapi2go/generator/generator.go:330.78,336.3 4 1
github.com/artem-kuznetsov-intellectsoft/openapi2go/generator/generator.go:338.2,341.82 3 1
github.com/artem-kuznetsov-intellectsoft/openapi2go/generator/generator.go:341.82,343.3 1 1
github.com/artem-kuznetsov-intellectsoft/openapi2go/generator/generator.go:345.2,345.16 1 0
github.com/artem-kuznetsov-intellectsoft/openapi2go/generator/generator.go:357.88,359.19 2 1
github.com/artem-kuznetsov-intellectsoft/openapi2go/generator/generator.go:359.19,361.3 1 0
github.com/artem-kuznetsov-intellectsoft/openapi2go/generator/generator.go:363.2,363.42 1 1
github.com/artem-kuznetsov-intellectsoft/openapi2go/generator/generator.go:363.42,365.3 1 1
github.com/artem-kuznetsov-intellectsoft/openapi2go/generator/generator.go:367.2,369.17 2 1
github.com/artem-kuznetsov-intellectsoft/openapi2go/generator/generator.go:381.10,382.26 1 1
github.com/artem-kuznetsov-intellectsoft/openapi2go/generator/generator.go:382.26,384.3 1 1
github.com/artem-kuznetsov-intellectsoft/openapi2go/generator/generator.go:386.2,387.33 2 1
github.com/artem-kuznetsov-intellectsoft/openapi2go/generator/generator.go:387.33,388.45 1 0
github.com/artem-kuznetsov-intellectsoft/openapi2go/generator/generator.go:388.45,390.4 1 0
github.com/artem-kuznetsov-intellectsoft/openapi2go/generator/generator.go:392.2,392.36 1 1
github.com/artem-kuznetsov-intellectsoft/openapi2go/generator/generator.go:392.36,393.45 1 1
github.com/artem-kuznetsov-intellectsoft/openapi2go/generator/generator.go:393.45,395.4 1 1
github.com/artem-kuznetsov-intellectsoft/openapi2go/generator/generator.go:398.2,398.22 1 1
github.com/artem-kuznetsov-intellectsoft/openapi2go/generator/generator.go:398.22,400.3 1 1
github.com/artem-kuznetsov-intellectsoft/openapi2go/generator/generator.go:402.2,403.27 2 1
github.com/artem-kuznetsov-intellectsoft/openapi2go/generator/generator.go:403.27,405.3 1 0
github.com/artem-kuznetsov-intellectsoft/openapi2go/generator/generator.go:407.2,408.47 2 1
github.com/artem-kuznetsov-intellectsoft/openapi2go/generator/generator.go:408.47,410.3 1 1
github.com/artem-kuznetsov-intellectsoft/openapi2go/generator/generator.go:412.2,418.13 2 1
github.com/artem-kuznetsov-intellectsoft/openapi2go/generator/generator.go:423.97,424.16 1 1
github.com/artem-kuznetsov-intellectsoft/openapi2go/generator/generator.go:424.16,426.3 1 0
github.com/artem-kuznetsov-intellectsoft/openapi2go/generator/generator.go:428.2,428.19 1 1
github.com/artem-kuznetsov-intellectsoft/openapi2go/generator/generator.go:428.19,430.3 1 0
github.com/artem-kuznetsov-intellectsoft/openapi2go/generator/generator.go:432.2,432.18 1 1
github.com/artem-kuznetsov-intellectsoft/openapi2go/generator/generator.go:441.72,443.25 2 1
github.com/artem-kuznetsov-intellectsoft/openapi2go/generator/generator.go:443.25,445.3 1 1
github.com/artem-kuznetsov-intellectsoft/openapi2go/generator/generator.go:447.2,448.37 2 1
github.com/artem-kuznetsov-intellectsoft/openapi2go/generator/generator.go:448.37,450.3 1 1
github.com/artem-kuznetsov-intellectsoft/openapi2go/generator/generator.go:452.2,452.96 1 1
github.com/artem-kuznetsov-intellectsoft/openapi2go/generator/generator.go:468.103,469.19 1 1
github.com/artem-kuznetsov-intellectsoft/openapi2go/generator/generator.go:469.19,471.3 1 1
github.com/artem-kuznetsov-intellectsoft/openapi2go/generator/generator.go:473.2,474.67 2 1
github.com/artem-kuznetsov-intellectsoft/openapi2go/generator/generator.go:474.67,476.3 1 1
github.com/artem-kuznetsov-intellectsoft/openapi2go/generator/generator.go:478.2,478.17 1 1
github.com/artem-kuznetsov-intellectsoft/openapi2go/generator/generator.go:481.72,483.27 2 1
github.com/artem-kuznetsov-intellectsoft/openapi2go/generator/generator.go:483.27,485.3 1 0
github.com/artem-kuznetsov-intellectsoft/openapi2go/generator/generator.go:487.2,489.13 2 1
github.com/artem-kuznetsov-intellectsoft/openapi2go/generator/generator.go:494.93,495.42 1 1
github.com/artem-kuznetsov-intellectsoft/openapi2go/generator/generator.go:495.42,496.56 1 1
github.com/artem-kuznetsov-intellectsoft/openapi2go/generator/generator.go:496.56,498.4 1 1
github.com/artem-kuznetsov-intellectsoft/openapi2go/generator/generator.go:501.2,501.12 1 1
github.com/artem-kuznetsov-intellectsoft/openapi2go/generator/generator.go:508.58,509.27 1 1
github.com/artem-kuznetsov-intellectsoft/openapi2go/generator/generator.go:509.27,511.3 1 1
github.com/artem-kuznetsov-intellectsoft/openapi2go/generator/generator.go:513.2,514.9 2 1
github.com/artem-kuznetsov-intellectsoft/openapi2go/generator/generator.go:514.9,518.3 2 1
github.com/artem-kuznetsov-intellectsoft/openapi2go/generator/generator.go:520.2,520.57 1 1
github.com/artem-kuznetsov-intellectsoft/openapi2go/generator/generator.go:520.57,529.3 3 1
github.com/artem-kuznetsov-intellectsoft/openapi2go/generator/generator.go:531.2,538.13 3 1
github.com/artem-kuznetsov-intellectsoft/openapi2go/generator/generator.go:543.42,544.31 1 1
github.com/artem-kuznetsov-intellectsoft/openapi2go/generator/generator.go:544.31,548.3 3 1
github.com/artem-kuznetsov-intellectsoft/openapi2go/generator/generator.go:555.92,556.114 1 1
github.com/artem-kuznetsov-intellectsoft/openapi2go/generator/generator.go:556.114,558.3 1 1
github.com/artem-kuznetsov-intellectsoft/openapi2go/generator/generator.go:560.2,564.63 4 1
github.com/artem-kuznetsov-intellectsoft/openapi2go/generator/generator.go:580.68,588.47 4 1
github.com/artem-kuznetsov-intellectsoft/openapi2go/generator/generator.go:588.47,590.3 1 1
github.com/artem-kuznetsov-intellectsoft/openapi2go/generator/generator.go:592.2,592.15 1 1
github.com/artem-kuznetsov-intellectsoft/openapi2go/generator/generator.go:595.88,596.38 1 1
github.com/artem-kuznetsov-intellectsoft/openapi2go/generator/generator.go:596.38,597.23 1 1
github.com/artem-kuznetsov-intellectsoft/openapi2go/generator/generator.go:597.23,600.12 3 1
github.com/artem-kuznetsov-intellectsoft/openapi2go/generator/generator.go:603.3,603.26 1 1
github.com/artem-kuznetsov-intellectsoft/openapi2go/generator/generator.go:603.26,605.4 1 1
github.com/artem-kuznetsov-intellectsoft/openapi2go/generator/generator.go:608.2,609.47 2 1
github.com/artem-kuznetsov-intellectsoft/openapi2go/generator/generator.go:612.110,617.39 4 1
github.com/artem-kuznetsov-intellectsoft/openapi2go/generator/generator.go:617.39,619.3 1 1
github.com/artem-kuznetsov-intellectsoft/openapi2go/generator/generator.go:621.2,622.9 2 1
github.com/artem-kuznetsov-intellectsoft/openapi2go/generator/generator.go:623.16,623.16 0 1
github.com/artem-kuznetsov-intellectsoft/openapi2go/generator/generator.go:625.35,629.21 1 1
github.com/artem-kuznetsov-intellectsoft/openapi2go/generator/generator.go:630.10,631.22 1 1
github.com/artem-kuznetsov-intellectsoft/openapi2go/generator/generator.go:634.2,634.55 1 1
github.com/artem-kuznetsov-intellectsoft/openapi2go/generator/generator.go:651.105,652.52 1 1
github.com/artem-kuznetsov-intellectsoft/openapi2go/generator/generator.go:652.52,654.3 1 1
github.com/artem-kuznetsov-intellectsoft/openapi2go/generator/generator.go:656.2,656.49 1 1
github.com/artem-kuznetsov-intellectsoft/openapi2go/generator/generator.go:659.93,660.19 1 1
github.com/artem-kuznetsov-intellectsoft/openapi2go/generator/generator.go:660.19,662.3 1 0
github.com/artem-kuznetsov-intellectsoft/openapi2go/generator/generator.go:664.2,666.43 2 1
github.com/artem-kuznetsov-intellectsoft/openapi2go/generator/generator.go:666.43,672.3 4 1
github.com/artem-kuznetsov-intellectsoft/openapi2go/generator/generator.go:680.2,680.27 1 1
github.com/artem-kuznetsov-intellectsoft/openapi2go/generator/generator.go:680.27,682.3 1 1
github.com/artem-kuznetsov-intellectsoft/openapi2go/generator/generator.go:684.2,687.11 3 1
github.com/artem-kuznetsov-intellectsoft/openapi2go/generator/generator.go:690.99,691.21 1 1
github.com/artem-kuznetsov-intellectsoft/openapi2go/generator/generator.go:692.16,693.53 1 1
github.com/artem-kuznetsov-intellectsoft/openapi2go/generator/generator.go:694.15,696.26 2 1
github.com/artem-kuznetsov-intellectsoft/openapi2go/generator/generator.go:696.26,698.4 1 1
github.com/artem-kuznetsov-intellectsoft/openapi2go/generator/generator.go:700.3,700.44 1 1
github.com/artem-kuznetsov-intellectsoft/openapi2go/generator/generator.go:701.16,702.53 1 1
github.com/artem-kuznetsov-intellectsoft/openapi2go/generator/generator.go:703.35,704.61 1 1
github.com/artem-kuznetsov-intellectsoft/openapi2go/generator/generator.go:705.17,706.35 1 1
github.com/artem-kuznetsov-intellectsoft/openapi2go/generator/generator.go:707.10,708.34 1 0
github.com/artem-kuznetsov-intellectsoft/openapi2go/generator/generator.go:718.62,719.9 1 1
github.com/artem-kuznetsov-intellectsoft/openapi2go/generator/generator.go:720.68,721.17 1 1
github.com/artem-kuznetsov-intellectsoft/openapi2go/generator/generator.go:722.40,723.17 1 1
github.com/artem-kuznetsov-intellectsoft/openapi2go/generator/generator.go:724.32,725.19 1 1
github.com/artem-kuznetsov-intellectsoft/openapi2go/generator/generator.go:726.10,727.19 1 1
github.com/artem-kuznetsov-intellectsoft/openapi2go/generator/generator.go:731.99,732.96 1 1
github.com/artem-kuznetsov-intellectsoft/openapi2go/generator/generator.go:732.96,736.3 2 1
github.com/artem-kuznetsov-intellectsoft/openapi2go/generator/generator.go:738.2,738.32 1 1
github.com/artem-kuznetsov-intellectsoft/openapi2go/generator/generator.go:738.32,740.3 1 1
github.com/artem-kuznetsov-intellectsoft/openapi2go/generator/generator.go:742.2,742.44 1 1
github.com/artem-kuznetsov-intellectsoft/openapi2go/generator/generator.go:745.99,746.26 1 1
github.com/artem-kuznetsov-intellectsoft/openapi2go/generator/generator.go:746.26,751.3 3 1
github.com/artem-kuznetsov-intellectsoft/openapi2go/generator/generator.go:753.2,753.23 1 1
github.com/artem-kuznetsov-intellectsoft/openapi2go/generator/generator.go:754.19,756.55 2 1
github.com/artem-kuznetsov-intellectsoft/openapi2go/generator/generator.go:757.14,759.51 2 1
github.com/artem-kuznetsov-intellectsoft/openapi2go/generator/generator.go:760.14,761.37 1 1
github.com/artem-kuznetsov-intellectsoft/openapi2go/generator/generator.go:762.10,763.37 1 1
github.com/artem-kuznetsov-intellectsoft/openapi2go/generator/generator.go:772.105,773.44 1 1
github.com/artem-kuznetsov-intellectsoft/openapi2go/generator/generator.go:773.44,775.3 1 1
github.com/artem-kuznetsov-intellectsoft/openapi2go/generator/generator.go:777.2,777.91 1 1
github.com/artem-kuznetsov-intellectsoft/openapi2go/generator/generator.go:777.91,779.3 1 1
github.com/artem-kuznetsov-intellectsoft/openapi2go/generator/generator.go:781.2,781.55 1 1
github.com/artem-kuznetsov-intellectsoft/openapi2go/generator/generator.go:788.89,789.27 1 1
github.com/artem-kuznetsov-intellectsoft/openapi2go/generator/generator.go:789.27,791.3 1 0
github.com/artem-kuznetsov-intellectsoft/openapi2go/generator/generator.go:793.2,795.13 2 1
github.com/artem-kuznetsov-intellectsoft/openapi2go/generator/generator.go:798.71,799.36 1 1
github.com/artem-kuznetsov-intellectsoft/openapi2go/generator/generator.go:799.36,801.3 1 0
github.com/artem-kuznetsov-intellectsoft/openapi2go/generator/generator.go:803.2,804.32 2 1
github.com/artem-kuznetsov-intellectsoft/openapi2go/generator/generator.go:804.32,806.3 1 1
github.com/artem-kuznetsov-intellectsoft/openapi2go/generator/generator.go:808.2,810.30 3 1
github.com/artem-kuznetsov-intellectsoft/openapi2go/generator/generator.go:813.51,818.28 3 1
github.com/artem-kuznetsov-intellectsoft/openapi2go/generator/generator.go:818.28,820.3 1 1
github.com/artem-kuznetsov-intellectsoft/openapi2go/generator/generator.go:822.2,822.30 1 1
github.com/artem-kuznetsov-intellectsoft/openapi2go/generator/generator.go:822.30,824.3 1 1
github.com/artem-kuznetsov-intellectsoft/openapi2go/generator/generator.go:826.2,826.19 1 1
github.com/artem-kuznetsov-intellectsoft/openapi2go/generator/generator.go:829.49,830.65 1 1
github.com/artem-kuznetsov-intellectsoft/openapi2go/generator/generator.go:830.65,832.3 1 1
github.com/artem-kuznetsov-intellectsoft/openapi2go/generator/generator.go:834.2,837.29 3 1
github.com/artem-kuznetsov-intellectsoft/openapi2go/generator/generator.go:837.29,839.3 1 1
github.com/artem-kuznetsov-intellectsoft/openapi2go/generator/generator.go:840.2,840.24 1 1
github.com/artem-kuznetsov-intellectsoft/openapi2go/generator/generator.go:843.53,844.21 1 1
github.com/artem-kuznetsov-intellectsoft/openapi2go/generator/generator.go:844.21,846.3 1 1
github.com/artem-kuznetsov-intellectsoft/openapi2go/generator/generator.go:848.2,848.9 1 1
github.com/artem-kuznetsov-intellectsoft/openapi2go/generator/generator.go:849.21,850.54 1 1
github.com/artem-kuznetsov-intellectsoft/openapi2go/generator/generator.go:851.26,852.49 1 1
github.com/artem-kuznetsov-intellectsoft/openapi2go/generator/generator.go:853.10,855.30 2 1
github.com/artem-kuznetsov-intellectsoft/openapi2go/generator/generator.go:855.30,857.4 1 1
github.com/artem-kuznetsov-intellectsoft/openapi2go/generator/generator.go:858.3,858.25 1 1
github.com/artem-kuznetsov-intellectsoft/openapi2go/generator/generator.go:861.2,861.23 1 1
github.com/artem-kuznetsov-intellectsoft/openapi2go/generator/generator.go:861.23,863.3 1 1
github.com/artem-kuznetsov-intellectsoft/openapi2go/generator/generator.go:866.50,867.9 1 1
github.com/artem-kuznetsov-intellectsoft/openapi2go/generator/generator.go:868.18,869.32 1 1
github.com/artem-kuznetsov-intellectsoft/openapi2go/generator/generator.go:870.23,871.43 1 1
github.com/artem-kuznetsov-intellectsoft/openapi2go/generator/generator.go:872.10,873.64 1 1
github.com/artem-kuznetsov-intellectsoft/openapi2go/generator/generator.go:880.86,881.19 1 1
github.com/artem-kuznetsov-intellectsoft/openapi2go/generator/generator.go:881.19,883.3 1 1
github.com/artem-kuznetsov-intellectsoft/openapi2go/generator/generator.go:885.2,886.19 2 1
github.com/artem-kuznetsov-intellectsoft/openapi2go/generator/generator.go:886.19,888.3 1 0
github.com/artem-kuznetsov-intellectsoft/openapi2go/generator/generator.go:890.2,890.57 1 1
github.com/artem-kuznetsov-intellectsoft/openapi2go/generator/generator.go:890.57,892.3 1 1
github.com/artem-kuznetsov-intellectsoft/openapi2go/generator/generator.go:894.2,894.25 1 1
github.com/artem-kuznetsov-intellectsoft/openapi2go/generator/generator.go:897.41,898.46 1 1
github.com/artem-kuznetsov-intellectsoft/openapi2go/generator/generator.go:898.46,900.3 1 1
github.com/artem-kuznetsov-intellectsoft/openapi2go/generator/generator.go:902.2,902.12 1 0
github.com/artem-kuznetsov-intellectsoft/openapi2go/generator/generator.go:905.37,907.2 1 1
github.com/artem-kuznetsov-intellectsoft/openapi2go/generator/generator.go:911.36,915.22 3 1
github.com/artem-kuznetsov-intellectsoft/openapi2go/generator/generator.go:915.22,916.39 1 1
github.com/artem-kuznetsov-intellectsoft/openapi2go/generator/generator.go:916.39,918.12 2 1
github.com/artem-kuznetsov-intellectsoft/openapi2go/generator/generator.go:921.3,921.16 1 1
github.com/artem-kuznetsov-intellectsoft/openapi2go/generator/generator.go:921.16,924.4 2 1
github.com/artem-kuznetsov-intellectsoft/openapi2go/generator/generator.go:924.9,926.4 1 1
github.com/artem-kuznetsov-intellectsoft/openapi2go/generator/generator.go:929.2,929.19 1 1
github.com/artem-kuznetsov-intellectsoft/openapi2go/generator/generator.go:936.39,937.13 1 1
github.com/artem-kuznetsov-intellectsoft/openapi2go/generator/generator.go:937.13,939.3 1 0
github.com/artem-kuznetsov-intellectsoft/openapi2go/generator/generator.go:941.2,944.18 3 1
github.com/artem-kuznetsov-intellectsoft/openapi2go/generator/generator.go:950.43,952.13 2 1
github.com/artem-kuznetsov-intellectsoft/openapi2go/generator/generator.go:952.13,954.3 1 1
github.com/artem-kuznetsov-intellectsoft/openapi2go/generator/generator.go:956.2,956.39 1 1
github.com/artem-kuznetsov-intellectsoft/openapi2go/generator/generator.go:959.44,961.29 2 1
github.com/artem-kuznetsov-intellectsoft/openapi2go/generator/generator.go:961.29,963.3 1 1
github.com/artem-kuznetsov-intellectsoft/openapi2go/generator/generator.go:965.2,965.10 1 1
github.com/artem-kuznetsov-intellectsoft/openapi2go/generator/generator.go:968.49,970.19 2 1
github.com/artem-kuznetsov-intellectsoft/openapi2go/generator/generator.go:970.19,972.3 1 1
github.com/artem-kuznetsov-intellectsoft/openapi2go/generator/generator.go:973.2,975.13 2 1
