golangci-lint run -c .golangci.all.yaml ./...
cmd/openapi2go/main.go:86:1: calculated cyclomatic complexity for function runGenerate is 14, max is 10 (cyclop)
func runGenerate(args []string) {
^
generator/generator.go:808:1: calculated cyclomatic complexity for function render is 14, max is 10 (cyclop)
func (g *generator) render(pkgName string) string {
^
openapi/discriminated.go:46:10: do not define dynamic errors, use wrapped static errors instead: "fmt.Errorf(\"openapi: no discriminator field on %T or %T matches its own type name\", a, b)" (err113)
		return fmt.Errorf("openapi: no discriminator field on %T or %T matches its own type name", a, b)
		       ^
cmd/openapi2go/main.go:90:10: Error return value of `fs.Parse` is not checked (errcheck)
	fs.Parse(reorderFlagsFirst(args, "-o", "-pkg"))
	        ^
openapi/schema.go:20:12: Error return value of `encoding/json.MarshalIndent` is not checked: unsafe type `*github.com/artem-kuznetsov-intellectsoft/openapi2go/openapi.RefOr[*github.com/artem-kuznetsov-intellectsoft/openapi2go/openapi.Parameter]` found (errchkjson)
	res, _ := json.MarshalIndent(schema, "", "  ")
	          ^
cmd/openapi2go/main.go:55:2: use of `fmt.Println` forbidden by pattern `^(fmt\.Print(|f|ln)|print|println)$` (forbidigo)
	fmt.Println(revision)
	^
cmd/openapi2go/main.go:118:3: use of `fmt.Print` forbidden by pattern `^(fmt\.Print(|f|ln)|print|println)$` (forbidigo)
		fmt.Print(code)
		^
generator/generator_test.go:14:1: cognitive complexity 72 of func `TestGenerate` is high (> 30) (gocognit)
func TestGenerate(t *testing.T) {
^
cmd/openapi2go/main.go:20:20: Magic number: 2, in <condition> detected (mnd)
	if len(os.Args) < 2 {
	                  ^
cmd/openapi2go/main.go:46:24: Magic number: 7, in <condition> detected (mnd)
				if len(revision) > 7 {
				                   ^
cmd/openapi2go/main.go:62:57: Magic number: 2, in <argument> detected (mnd)
	isValuedFlag := make(map[string]bool, len(valuedFlags)*2)
	                                                       ^
generator/generator.go:653:26: Magic number: 2, in <condition> detected (mnd)
	if len(schema.OneOf) == 2 {
	                        ^
generator/generator_test.go:163:1: `if update` has complex nested blocks (complexity: 9) (nestif)
			if update {
^
13 issues:
* cyclop: 2
* err113: 1
* errcheck: 1
* errchkjson: 1
* forbidigo: 2
* gocognit: 1
* mnd: 4
* nestif: 1
